[transvelo.github.io/mediacenter-html/index.html]
[backblue.gif]
[fade.gif]
[index.html]
[transvelo.github.io/mediacenter-html/assets/css/bootstrap.min.css]
[transvelo.github.io/mediacenter-html/assets/css/style.css]
[transvelo.github.io/mediacenter-html/assets/css/colors/green.css]
[transvelo.github.io/mediacenter-html/assets/css/owl.carousel.css]
[transvelo.github.io/mediacenter-html/assets/css/owl.transitions.css]
[transvelo.github.io/mediacenter-html/assets/css/animate.min.css]
[transvelo.github.io/mediacenter-html/assets/css/config.css]
[transvelo.github.io/mediacenter-html/assets/css/colors/blue.css]
[transvelo.github.io/mediacenter-html/assets/css/colors/red.css]
[transvelo.github.io/mediacenter-html/assets/css/colors/orange.css]
[transvelo.github.io/mediacenter-html/assets/css/colors/navy.css]
[transvelo.github.io/mediacenter-html/assets/css/colors/dark-green.css]
[transvelo.github.io/mediacenter-html/assets/css/font-awesome.min.css]
[transvelo.github.io/mediacenter-html/assets/images/favicon.ico]
[transvelo.github.io/mediacenter-html/index-2.html]
[transvelo.github.io/mediacenter-html/blog.html]
[transvelo.github.io/mediacenter-html/faq.html]
[transvelo.github.io/mediacenter-html/contact.html]
[transvelo.github.io/mediacenter-html/index-3.html]
[transvelo.github.io/mediacenter-html/category-grid.html]
[transvelo.github.io/mediacenter-html/category-grid-2.html]
[transvelo.github.io/mediacenter-html/single-product.html]
[transvelo.github.io/mediacenter-html/single-product-sidebar.html]
[transvelo.github.io/mediacenter-html/cart.html]
[transvelo.github.io/mediacenter-html/checkout.html]
[transvelo.github.io/mediacenter-html/about.html]
[transvelo.github.io/mediacenter-html/blog-fullwidth.html]
[transvelo.github.io/mediacenter-html/blog-post.html]
[transvelo.github.io/mediacenter-html/terms.html]
[transvelo.github.io/mediacenter-html/authentication.html]
[transvelo.github.io/mediacenter-html/404.html]
[transvelo.github.io/mediacenter-html/wishlist.html]
[transvelo.github.io/mediacenter-html/compare.html]
[transvelo.github.io/mediacenter-html/track-your-order.html]
[transvelo.github.io/mediacenter-html/assets/images/icon-cart.png]
[transvelo.github.io/mediacenter-html/assets/images/products/product-small-01.jpg]
[transvelo.github.io/mediacenter-html/cart.html&style=alt2]
[transvelo.github.io/mediacenter-html/assets/images/banners/banner-side.png]
[transvelo.github.io/mediacenter-html/assets/images/sliders/slider01.jpg]
[transvelo.github.io/mediacenter-html/assets/images/sliders/slider03.jpg]
[transvelo.github.io/mediacenter-html/assets/images/blank.gif]
[transvelo.github.io/mediacenter-html/assets/images/banners/banner-narrow-01.jpg]
[transvelo.github.io/mediacenter-html/assets/images/banners/banner-narrow-02.jpg]
[transvelo.github.io/mediacenter-html/assets/images/products/product-01.jpg]
[transvelo.github.io/mediacenter-html/assets/images/products/product-02.jpg]
[transvelo.github.io/mediacenter-html/assets/images/products/product-03.jpg]
[transvelo.github.io/mediacenter-html/assets/images/products/product-04.jpg]
[transvelo.github.io/mediacenter-html/assets/images/products/product-05.jpg]
[transvelo.github.io/mediacenter-html/assets/images/products/product-06.jpg]
[transvelo.github.io/mediacenter-html/assets/images/products/product-07.jpg]
[transvelo.github.io/mediacenter-html/assets/images/products/product-08.jpg]
[transvelo.github.io/mediacenter-html/assets/images/products/product-09.jpg]
[transvelo.github.io/mediacenter-html/assets/images/products/product-10.jpg]
[transvelo.github.io/mediacenter-html/assets/images/products/product-gallery-01.jpg]
[transvelo.github.io/mediacenter-html/assets/images/products/gallery-thumb-01.jpg]
[transvelo.github.io/mediacenter-html/assets/images/products/product-11.jpg]
[transvelo.github.io/mediacenter-html/assets/images/products/product-12.jpg]
[transvelo.github.io/mediacenter-html/assets/images/products/product-13.jpg]
[transvelo.github.io/mediacenter-html/assets/images/products/product-14.jpg]
[transvelo.github.io/mediacenter-html/assets/images/products/product-15.jpg]
[transvelo.github.io/mediacenter-html/assets/images/products/product-16.jpg]
[transvelo.github.io/mediacenter-html/assets/images/brands/brand-01.jpg]
[transvelo.github.io/mediacenter-html/assets/images/brands/brand-02.jpg]
[transvelo.github.io/mediacenter-html/assets/images/brands/brand-03.jpg]
[transvelo.github.io/mediacenter-html/assets/images/brands/brand-04.jpg]
[transvelo.github.io/mediacenter-html/assets/images/products/product-small-02.jpg]
[transvelo.github.io/mediacenter-html/assets/images/products/product-small-03.jpg]
[transvelo.github.io/mediacenter-html/assets/images/products/product-small-04.jpg]
[transvelo.github.io/mediacenter-html/assets/images/products/product-small-05.jpg]
[transvelo.github.io/mediacenter-html/assets/images/products/product-small-06.jpg]
[transvelo.github.io/mediacenter-html/assets/images/products/product-small-07.jpg]
[transvelo.github.io/mediacenter-html/assets/images/products/product-small-08.jpg]
[transvelo.github.io/mediacenter-html/assets/images/products/product-small-09.jpg]
[transvelo.github.io/mediacenter-html/assets/images/payments/payment-visa.png]
[transvelo.github.io/mediacenter-html/assets/images/payments/payment-master.png]
[transvelo.github.io/mediacenter-html/assets/images/payments/payment-paypal.png]
[transvelo.github.io/mediacenter-html/assets/images/payments/payment-skrill.png]
[transvelo.github.io/mediacenter-html/assets/js/jquery-1.10.2.min.js]
[transvelo.github.io/mediacenter-html/assets/js/jquery-migrate-1.2.1.js]
[transvelo.github.io/mediacenter-html/assets/js/bootstrap.min.js]
[transvelo.github.io/mediacenter-html/assets/js/gmap3.min.js]
[transvelo.github.io/mediacenter-html/assets/js/bootstrap-hover-dropdown.min.js]
[transvelo.github.io/mediacenter-html/assets/js/owl.carousel.min.js]
[transvelo.github.io/mediacenter-html/assets/js/css_browser_selector.min.js]
[transvelo.github.io/mediacenter-html/assets/js/echo.min.js]
[transvelo.github.io/mediacenter-html/assets/js/jquery.easing-1.3.min.js]
[transvelo.github.io/mediacenter-html/assets/js/bootstrap-slider.min.js]
[transvelo.github.io/mediacenter-html/assets/js/jquery.raty.min.js]
[transvelo.github.io/mediacenter-html/assets/js/jquery.prettyPhoto.min.js]
[transvelo.github.io/mediacenter-html/assets/js/jquery.customSelect.min.js]
[transvelo.github.io/mediacenter-html/assets/js/wow.min.js]
[transvelo.github.io/mediacenter-html/assets/js/buttons.js]
[transvelo.github.io/mediacenter-html/assets/js/scripts.js]
[transvelo.github.io/mediacenter-html/switchstylesheet/switchstylesheet.js]
[transvelo.github.io/mediacenter-html/index.html]
[transvelo.github.io/mediacenter-html/assets/fonts/glyphicons-halflings-regular.eot]
[transvelo.github.io/mediacenter-html/assets/fonts/glyphicons-halflings-regulard41d.eot]
[transvelo.github.io/mediacenter-html/assets/fonts/glyphicons-halflings-regular.woff2]
[transvelo.github.io/mediacenter-html/assets/fonts/glyphicons-halflings-regular.woff]
[transvelo.github.io/mediacenter-html/assets/fonts/glyphicons-halflings-regular.ttf]
[transvelo.github.io/mediacenter-html/assets/fonts/glyphicons-halflings-regular.svg]
[transvelo.github.io/mediacenter-html/assets/css/bootstrap.min.css]
[transvelo.github.io/mediacenter-html/assets/images/ajax.gif]
[transvelo.github.io/mediacenter-html/assets/images/background-images/testimonials.jpg]
[transvelo.github.io/mediacenter-html/assets/css/style.css]
[transvelo.github.io/mediacenter-html/assets/css/colors/green.css]
[transvelo.github.io/mediacenter-html/assets/css/owl.video.play.png]
[transvelo.github.io/mediacenter-html/assets/css/owl.carousel.css]
[transvelo.github.io/mediacenter-html/assets/css/owl.transitions.css]
[transvelo.github.io/mediacenter-html/assets/css/animate.min.css]
[transvelo.github.io/mediacenter-html/assets/css/config.css]
[transvelo.github.io/mediacenter-html/assets/css/colors/blue.css]
[transvelo.github.io/mediacenter-html/assets/css/colors/red.css]
[transvelo.github.io/mediacenter-html/assets/css/colors/orange.css]
[transvelo.github.io/mediacenter-html/assets/css/colors/navy.css]
[transvelo.github.io/mediacenter-html/assets/css/colors/dark-green.css]
[transvelo.github.io/mediacenter-html/assets/css/fonts/fontawesome-webfont862f.eot]
[transvelo.github.io/mediacenter-html/assets/css/fonts/fontawesome-webfontd41d.eot]
[transvelo.github.io/mediacenter-html/assets/css/fonts/fontawesome-webfont862f.woff]
[transvelo.github.io/mediacenter-html/assets/css/fonts/fontawesome-webfont862f.ttf]
[transvelo.github.io/mediacenter-html/assets/css/font-awesome.min.css]
[transvelo.github.io/mediacenter-html/index-2.html]
[transvelo.github.io/mediacenter-html/assets/css/fonts/fontawesome-webfont862f.svg]
[transvelo.github.io/mediacenter-html/assets/images/blog-post/blog-post-image.jpg]
[transvelo.github.io/mediacenter-html/assets/images/banners/banner-simple.jpg]
[transvelo.github.io/mediacenter-html/assets/images/recent-posts/1.jpg]
[transvelo.github.io/mediacenter-html/assets/images/recent-posts/2.jpg]
[transvelo.github.io/mediacenter-html/assets/images/recent-posts/3.jpg]
[transvelo.github.io/mediacenter-html/assets/images/recent-posts/4.jpg]
[transvelo.github.io/mediacenter-html/assets/images/recent-posts/5.jpg]
[transvelo.github.io/mediacenter-html/blog.html]
[transvelo.github.io/mediacenter-html/faq.html]
[transvelo.github.io/mediacenter-html/contact.html]
[transvelo.github.io/mediacenter-html/assets/images/sliders/slider02.jpg]
[transvelo.github.io/mediacenter-html/assets/images/sliders/slider04.jpg]
[transvelo.github.io/mediacenter-html/index-3.html]
[transvelo.github.io/mediacenter-html/category-grid.html]
[transvelo.github.io/mediacenter-html/assets/images/banners/banner-gamer.jpg]
[transvelo.github.io/mediacenter-html/category-grid-2.html]
[transvelo.github.io/mediacenter-html/assets/images/default-avatar.jpg]
[transvelo.github.io/mediacenter-html/home.html]
[transvelo.github.io/mediacenter-html/single-product.html]
[transvelo.github.io/mediacenter-html/single-product-sidebar.html]
[transvelo.github.io/mediacenter-html/cart.html]
[transvelo.github.io/mediacenter-html/checkout.html]
[transvelo.github.io/mediacenter-html/assets/images/team/1.jpg]
[transvelo.github.io/mediacenter-html/assets/images/team/2.jpg]
[transvelo.github.io/mediacenter-html/about.html]
[transvelo.github.io/mediacenter-html/blog-fullwidth.html]
[transvelo.github.io/mediacenter-html/assets/images/blog-post/slider-1.jpg]
[transvelo.github.io/mediacenter-html/assets/images/blog-post/slider-2.jpg]
[transvelo.github.io/mediacenter-html/assets/images/blog-post/blog-author.jpg]
[transvelo.github.io/mediacenter-html/blog-post.html]
[transvelo.github.io/mediacenter-html/terms.html]
[transvelo.github.io/mediacenter-html/authentication.html]
[transvelo.github.io/mediacenter-html/404.html]
[transvelo.github.io/mediacenter-html/cart.html.html]
[transvelo.github.io/mediacenter-html/wishlist.html]
[transvelo.github.io/mediacenter-html/indexb017.php]
[transvelo.github.io/mediacenter-html/compare.html]
[transvelo.github.io/mediacenter-html/track-your-order.html]
[transvelo.github.io/mediacenter-html/cart-2.html]
[transvelo.github.io/mediacenter-html/assets/fonts/glyphicons-halflings-regular.html]
[transvelo.github.io/mediacenter-html/assets/fonts/glyphicons-halflings-regulard41d.html]
[transvelo.github.io/mediacenter-html/assets/fonts/glyphicons-halflings-regular-2.html]
[transvelo.github.io/mediacenter-html/assets/fonts/glyphicons-halflings-regular-3.html]
[transvelo.github.io/mediacenter-html/assets/fonts/glyphicons-halflings-regular-4.html]
[transvelo.github.io/mediacenter-html/assets/fonts/glyphicons-halflings-regular-5.html]
[transvelo.github.io/mediacenter-html/assets/css/owl.video.play.html]
[transvelo.github.io/mediacenter-html/assets/css/fonts/fontawesome-webfont862f.svg]
[transvelo.github.io/mediacenter-html/home.html]
[transvelo.github.io/mediacenter-html/cart.html.html]
[transvelo.github.io/mediacenter-html/indexb017.html]
[www.google-analytics.com/analytics.js]
